11:16:55 **** Build of configuration Debug_FLASH for project S32K144_GPIO_RGB_StateMachine ****
make -j8 all 
Building file: ../src/main.c
Building file: ../src/pin_n_clock.c
Building file: ../Project_Settings/Startup_Code/startup.c
Invoking: Standard S32DS C Compiler
arm-none-eabi-gcc "@src/main.args" -MMD -MP -MF"src/main.d" -MT"src/main.o" -o "src/main.o" "../src/main.c"
Building file: ../Project_Settings/Startup_Code/startup_S32K144.S
Invoking: Standard S32DS C Compiler
arm-none-eabi-gcc "@src/main.args" -MMD -MP -MF"src/pin_n_clock.d" -MT"src/pin_n_clock.o" -o "src/pin_n_clock.o" "../src/pin_n_clock.c"
Invoking: Standard S32DS C Compiler
arm-none-eabi-gcc "@Project_Settings/Startup_Code/startup.args" -MMD -MP -MF"Project_Settings/Startup_Code/startup.d" -MT"Project_Settings/Startup_Code/startup.o" -o "Project_Settings/Startup_Code/startup.o" "../Project_Settings/Startup_Code/startup.c"
Invoking: Standard S32DS Assembler
arm-none-eabi-gcc "@Project_Settings/Startup_Code/startup_S32K144.args" -o "Project_Settings/Startup_Code/startup_S32K144.o" "../Project_Settings/Startup_Code/startup_S32K144.S"
Building file: ../Project_Settings/Startup_Code/system_S32K144.c
Invoking: Standard S32DS C Compiler
arm-none-eabi-gcc "@Project_Settings/Startup_Code/startup.args" -MMD -MP -MF"Project_Settings/Startup_Code/system_S32K144.d" -MT"Project_Settings/Startup_Code/system_S32K144.o" -o "Project_Settings/Startup_Code/system_S32K144.o" "../Project_Settings/Startup_Code/system_S32K144.c"
Finished building: ../src/main.c
Finished building: ../Project_Settings/Startup_Code/startup_S32K144.S
Finished building: ../src/pin_n_clock.c
 
 
Finished building: ../Project_Settings/Startup_Code/startup.c
 
 
Finished building: ../Project_Settings/Startup_Code/system_S32K144.c
 
Building target: S32K144_GPIO_RGB_StateMachine.elf
Invoking: Standard S32DS C Linker
arm-none-eabi-gcc -o "S32K144_GPIO_RGB_StateMachine.elf" "@S32K144_GPIO_RGB_StateMachine.args"   
Finished building target: S32K144_GPIO_RGB_StateMachine.elf
 
Invoking: Standard S32DS Print Size
arm-none-eabi-size --format=berkeley S32K144_GPIO_RGB_StateMachine.elf
   text	   data	    bss	    dec	    hex	filename
   2752	   1064	   3104	   6920	   1b08	S32K144_GPIO_RGB_StateMachine.elf
Finished building: S32K144_GPIO_RGB_StateMachine.siz
 
11:17:04 **** Incremental Build of configuration Debug_FLASH for project S32K144_GPIO_RGB_StateMachine ****
make -j8 all 
Invoking: Standard S32DS Print Size
arm-none-eabi-size --format=berkeley S32K144_GPIO_RGB_StateMachine.elf
   text	   data	    bss	    dec	    hex	filename
   2752	   1064	   3104	   6920	   1b08	S32K144_GPIO_RGB_StateMachine.elf
Finished building: S32K144_GPIO_RGB_StateMachine.siz
 
